// Jest Snapshot v1, https://goo.gl/fbAQLP

exports[`Component snapshot renders correctly 1`] = `
<div>
  <table
    class="table"
  >
    <thead>
      <tr>
        <th
          class="is-uppercase"
        >
          Título da minha pagina!
        </th>
         
        <th
          class="is-uppercase"
        >
          Minha descrição
        </th>
      </tr>
    </thead>
     
    <tbody>
      <tr>
        <th>
          BOTAO_CANCELAR
        </th>
         
        <td>
          Cancelar
        </td>
      </tr>
       
      <tr>
        <th>
          BOTAO_DELETAR
        </th>
         
        <td>
          Deletar
        </td>
      </tr>
    </tbody>
  </table>
</div>
`;
