// Jest Snapshot v1, https://goo.gl/fbAQLP

exports[`Component snapshot renders correctly 1`] = `
<div>
  <nav
    aria-label="main navigation"
    class="navbar"
    role="navigation"
  >
    <router-link
      class="navbar-item"
      tag="a"
      to="/terms"
    >
      
      Termos
    
    </router-link>
     
    <router-link
      class="navbar-item"
      tag="a"
      to="/list"
    >
      
      Lista Termos
    
    </router-link>
  </nav>
</div>
`;
